<frozen importlib._bootstrap>:491: RuntimeWarning: Your system is avx2 capable but pygame was not built with support for it. The performance of some of your blits could be adversely affected. Consider enabling compile time detection with environment variables like PYGAME_DETECT_AVX2=1 if you are compiling without cross compilation.
pygame 2.6.1 (SDL 2.32.72, Python 3.14.7)
Hello from the pygame community. https://www.pygame.org/contribute.html
Exception: Error: [1000] Message: 	no_titlebar keyword does not exist.

The above exception was the direct cause of the following exception:

Traceback (most recent call last):
  File "/home/zane/.local/lib/python3.14/site-packages/dearpygui/dearpygui.py", line 3118, in window
    widget = internal_dpg.add_window(label=label, user_data=user_data, use_internal_label=use_internal_label, tag=tag, width=width, height=height, indent=indent, show=show, pos=pos, min_size=min_size, max_size=max_size, menubar=menubar, collapsed=collapsed, autosize=autosize, no_resize=no_resize, unsaved_document=unsaved_document, no_title_bar=no_title_bar, no_move=no_move, no_scrollbar=no_scrollbar, no_collapse=no_collapse, horizontal_scrollbar=horizontal_scrollbar, no_focus_on_appearing=no_focus_on_appearing, no_bring_to_front_on_focus=no_bring_to_front_on_focus, no_close=no_close, no_background=no_background, modal=modal, popup=popup, no_saved_settings=no_saved_settings, no_open_over_existing_popup=no_open_over_existing_popup, no_scroll_with_mouse=no_scroll_with_mouse, no_docking=no_docking, copy_contents_shortcut=copy_contents_shortcut, on_close=on_close, **kwargs)
SystemError: <built-in function add_window> returned a result with an exception set

During handling of the above exception, another exception occurred:

Traceback (most recent call last):
  File "/home/zane/controller-dashboard/main.py", line 599, in <module>
    main()
    ~~~~^^
  File "/home/zane/controller-dashboard/main.py", line 562, in main
    build_ui()
    ~~~~~~~~^^
  File "/home/zane/controller-dashboard/main.py", line 130, in build_ui
    with dpg.window(
         ~~~~~~~~~~^
        tag="main_win",
        ^^^^^^^^^^^^^^^
    ...<2 lines>...
        pos=[0, 0], width=VP_W, height=VP_H,
        ^^^^^^^^^^^^^^^^^^^^^^^^^^^^^^^^^^^^
    ):
    ^
  File "/usr/lib/python3.14/contextlib.py", line 141, in __enter__
    return next(self.gen)
  File "/home/zane/.local/lib/python3.14/site-packages/dearpygui/dearpygui.py", line 3122, in window
    internal_dpg.pop_container_stack()
    ~~~~~~~~~~~~~~~~~~~~~~~~~~~~~~~~^^
Exception: Error: [1009] Message: 	No container to pop.
